// Jest Snapshot v1, https://goo.gl/fbAQLP

exports[`As a community editor When adding a crossing NOT to the same community as the user should fail to add the crossing 1`] = `[Error: GraphQL Error: Users can only add crossings to their communities]`;

exports[`As a community editor When adding a crossing to the same community as the user should fail to delete the new crossing 1`] = `[Error: GraphQL Error: permission denied for function remove_crossing]`;

exports[`As a community editor When adding a crossing to the same community as the user the new crossing should show up in the DB 1`] = `
Object {
  "crossingById": Object {
    "communityCrossingsByCrossingId": Object {
      "nodes": Array [
        Object {
          "communityId": 1,
        },
      ],
    },
    "description": "Describe!",
    "humanAddress": "Near the barn",
    "name": "New Crossing",
  },
}
`;

exports[`As a community editor When updating the status of a crossing In the same community as the user the new status should show up in the DB 1`] = `
Object {
  "crossingById": Object {
    "latestStatus": Object {
      "notes": "THIS IS A STATUS UPDATE TEST",
    },
  },
}
`;

exports[`As a community editor When updating the status of a crossing NOT in the same community as the user should fail to update the status 1`] = `[Error: GraphQL Error: Users can only update the status of crossings within their communities]`;

exports[`As a community editor should fail to register a new user 1`] = `[Error: GraphQL Error: permission denied for function register_user]`;

exports[`As a community editor should get the correct current user 1`] = `
Object {
  "currentUser": Object {
    "id": 3,
  },
}
`;
